main.c:82:5:main	16	static
main.c:155:6:SystemClock_Config	72	static
main.c:194:13:MX_TIM4_Init	48	static
main.c:244:13:MX_USART1_UART_Init	8	static
main.c:277:13:MX_GPIO_Init	40	static
main.c:321:6:HAL_GPIO_EXTI_Callback	16	static
main.c:326:6:ButtonHandling	16	static
main.c:328:6:HAL_UART_RxCpltCallback	16	static
main.c:360:6:HAL_TIM_OC_DelayElapsedCallback	16	static
main.c:365:6:HAL_TIM_PeriodElapsedCallback	16	static
main.c:370:6:UL212_DataParser	32	static
main.c:430:6:UL212_LedInit	16	static
main.c:437:6:UL212_LedHandler	16	static
main.c:457:6:UL212_FrequencyOut	24	static
main.c:464:6:UL212_Init	16	static
main.c:484:9:AsciiToHex	16	static
main.c:507:6:FlashWriteSettings	24	static
main.c:523:10:FlashRead	16	static
main.c:534:6:Error_Handler	4	static
